[debug] [2026-07-16T07:43:35.798Z] : 
[debug] [2026-07-16T07:43:35.800Z] : ----------------------------------------------------------------------
[debug] [2026-07-16T07:43:35.801Z] : Command:      C:\Program Files\nodejs\node.exe C:\Users\manoj\AppData\Roaming\npm\node_modules\zcatalyst-cli\lib\bin\catalyst.js init
[debug] [2026-07-16T07:43:35.801Z] : CLI Version:  1.27.0
[debug] [2026-07-16T07:43:35.801Z] : Platform:     win32
[debug] [2026-07-16T07:43:35.801Z] : Node Version: v24.15.0
[debug] [2026-07-16T07:43:35.801Z] : Time:         Thu Jul 16 2026 13:13:35 GMT+0530 (India Standard Time)
[debug] [2026-07-16T07:43:35.802Z] : ----------------------------------------------------------------------
[debug] [2026-07-16T07:43:35.802Z] : 
[debug] [2026-07-16T07:43:38.477Z] : > authorizing via signed-in user option
[debug] [2026-07-16T07:43:38.478Z] : > command requires scopes: ["ZohoCatalyst.projects.ALL","ZohoCatalyst.projects.ALL","ZohoCatalyst.project.import.CREATE"]
[info] [2026-07-16T07:43:38.556Z] : 
      ___  
      \  \     ____           _             _                 _   
   ___ \  \   / ___|   __ _  | |_    __ _  | |  _   _   ___  | |_ 
  /  / /  /  | |      / _` | | __|  / _` | | | | | | | / __| | __|
 /  / /__/   | |___  | (_| | | |_  | (_| | | | | |_| | \__ \ | |_ 
 \  \         \____|  \__,_|  \__|  \__,_| |_|  \__, | |___/  \__|
  \__\                                          |___/       

You're about to initialize a Catalyst project in this directory:

  D:\MY PROJECTS\Datathon

Before we get started, keep in mind:

  * You are currently outside your home directory
[debug] [2026-07-16T07:43:38.639Z] : >>>> HTTP REQUEST : GET https://api.catalyst.zoho.in/baas/v1/orgs 

[debug] [2026-07-16T07:43:38.816Z] : <<<< HTTP RESPONSE : 200
Response Headers: {"server":"ZGS","date":"Thu, 16 Jul 2026 07:43:40 GMT","content-type":"application/vnd.catalyst.v2+json","transfer-encoding":"chunked","connection":"keep-alive","x-content-type-options":"nosniff","cache-control":"private,no-cache,no-store,max-age=0,must-revalidate","pragma":"no-cache","expires":"Thu, 01 Jan 1970 00:00:00 GMT","x-frame-options":"DENY","strict-transport-security":"max-age=64072000; includeSubDomains; preload"}

[debug] [2026-07-16T07:43:38.837Z] : >>>> HTTP REQUEST : GET https://api.catalyst.zoho.in/baas/v1/project 

[debug] [2026-07-16T07:43:38.888Z] : <<<< HTTP RESPONSE : 200
Response Headers: {"server":"ZGS","date":"Thu, 16 Jul 2026 07:43:40 GMT","content-type":"application/vnd.catalyst.v2+json","transfer-encoding":"chunked","connection":"keep-alive","x-content-type-options":"nosniff","cache-control":"private,no-cache,no-store,max-age=0,must-revalidate","pragma":"no-cache","expires":"Thu, 01 Jan 1970 00:00:00 GMT","x-frame-options":"DENY","strict-transport-security":"max-age=64072000; includeSubDomains; preload"}

[info] [2026-07-16T07:44:12.717Z] : 
[info] [2026-07-16T07:44:12.718Z] : i Setting up a new default project for this folder
[info] [2026-07-16T07:44:12.744Z] : 
[info] [2026-07-16T07:44:12.744Z] : Visit this URL on this device to proceed:
[info] [2026-07-16T07:44:12.745Z] : https://console.catalyst.zoho.in/baas/60078535645/index#/?port=3000&type=cli
[info] [2026-07-16T07:44:12.746Z] : 
